Analysis & Synthesis report for gaussian_filter_tb
Mon Jun 14 01:28:13 2021
Quartus Prime Version 16.1.0 Build 196 10/24/2016 SJ Lite Edition


---------------------
; Table of Contents ;
---------------------
  1. Legal Notice
  2. Analysis & Synthesis Summary
  3. Analysis & Synthesis Settings
  4. Parallel Compilation
  5. Analysis & Synthesis Source Files Read
  6. Analysis & Synthesis Resource Usage Summary
  7. Analysis & Synthesis Resource Utilization by Entity
  8. Analysis & Synthesis RAM Summary
  9. Analysis & Synthesis IP Cores Summary
 10. State Machine - |separableconvolution5x5_gaussian|state
 11. Registers Removed During Synthesis
 12. Removed Registers Triggering Further Register Optimizations
 13. General Register Statistics
 14. Inverted Register Statistics
 15. Multiplexer Restructuring Statistics (Restructuring Performed)
 16. Source assignments for line_buffer5x5_8bit:lbuff3|altshift_taps:ALTSHIFT_TAPS_component|shift_taps_mru:auto_generated|altsyncram_p8c1:altsyncram2
 17. Parameter Settings for User Entity Instance: Top-level Entity: |separableconvolution5x5_gaussian
 18. Parameter Settings for User Entity Instance: line_buffer5x5_8bit:lbuff3|altshift_taps:ALTSHIFT_TAPS_component
 19. altshift_taps Parameter Settings by Entity Instance
 20. Post-Synthesis Netlist Statistics for Top Partition
 21. Elapsed Time Per Partition
 22. Analysis & Synthesis Messages



----------------
; Legal Notice ;
----------------
Copyright (C) 2016  Intel Corporation. All rights reserved.
Your use of Intel Corporation's design tools, logic functions 
and other software and tools, and its AMPP partner logic 
functions, and any output files from any of the foregoing 
(including device programming or simulation files), and any 
associated documentation or information are expressly subject 
to the terms and conditions of the Intel Program License 
Subscription Agreement, the Intel Quartus Prime License Agreement,
the Intel MegaCore Function License Agreement, or other 
applicable license agreement, including, without limitation, 
that your use is for the sole purpose of programming logic 
devices manufactured by Intel and sold by Intel or its 
authorized distributors.  Please refer to the applicable 
agreement for further details.



+----------------------------------------------------------------------------------+
; Analysis & Synthesis Summary                                                     ;
+------------------------------------+---------------------------------------------+
; Analysis & Synthesis Status        ; Successful - Mon Jun 14 01:28:13 2021       ;
; Quartus Prime Version              ; 16.1.0 Build 196 10/24/2016 SJ Lite Edition ;
; Revision Name                      ; gaussian_filter_tb                          ;
; Top-level Entity Name              ; separableconvolution5x5_gaussian            ;
; Family                             ; MAX 10                                      ;
; Total logic elements               ; 225                                         ;
;     Total combinational functions  ; 185                                         ;
;     Dedicated logic registers      ; 98                                          ;
; Total registers                    ; 98                                          ;
; Total pins                         ; 161                                         ;
; Total virtual pins                 ; 0                                           ;
; Total memory bits                  ; 224                                         ;
; Embedded Multiplier 9-bit elements ; 0                                           ;
; Total PLLs                         ; 0                                           ;
; UFM blocks                         ; 0                                           ;
; ADC blocks                         ; 0                                           ;
+------------------------------------+---------------------------------------------+


+------------------------------------------------------------------------------------------------------------------------------------+
; Analysis & Synthesis Settings                                                                                                      ;
+----------------------------------------------------------------------------+----------------------------------+--------------------+
; Option                                                                     ; Setting                          ; Default Value      ;
+----------------------------------------------------------------------------+----------------------------------+--------------------+
; Device                                                                     ; 10M08DAF484C8G                   ;                    ;
; Top-level entity name                                                      ; separableconvolution5x5_gaussian ; gaussian_filter_tb ;
; Family name                                                                ; MAX 10                           ; Cyclone V          ;
; Use smart compilation                                                      ; Off                              ; Off                ;
; Enable parallel Assembler and TimeQuest Timing Analyzer during compilation ; On                               ; On                 ;
; Enable compact report table                                                ; Off                              ; Off                ;
; Restructure Multiplexers                                                   ; Auto                             ; Auto               ;
; Create Debugging Nodes for IP Cores                                        ; Off                              ; Off                ;
; Preserve fewer node names                                                  ; On                               ; On                 ;
; OpenCore Plus hardware evaluation                                          ; Enable                           ; Enable             ;
; Verilog Version                                                            ; Verilog_2001                     ; Verilog_2001       ;
; VHDL Version                                                               ; VHDL_1993                        ; VHDL_1993          ;
; State Machine Processing                                                   ; Auto                             ; Auto               ;
; Safe State Machine                                                         ; Off                              ; Off                ;
; Extract Verilog State Machines                                             ; On                               ; On                 ;
; Extract VHDL State Machines                                                ; On                               ; On                 ;
; Ignore Verilog initial constructs                                          ; Off                              ; Off                ;
; Iteration limit for constant Verilog loops                                 ; 5000                             ; 5000               ;
; Iteration limit for non-constant Verilog loops                             ; 250                              ; 250                ;
; Add Pass-Through Logic to Inferred RAMs                                    ; On                               ; On                 ;
; Infer RAMs from Raw Logic                                                  ; On                               ; On                 ;
; Parallel Synthesis                                                         ; On                               ; On                 ;
; DSP Block Balancing                                                        ; Auto                             ; Auto               ;
; NOT Gate Push-Back                                                         ; On                               ; On                 ;
; Power-Up Don't Care                                                        ; On                               ; On                 ;
; Remove Redundant Logic Cells                                               ; Off                              ; Off                ;
; Remove Duplicate Registers                                                 ; On                               ; On                 ;
; Ignore CARRY Buffers                                                       ; Off                              ; Off                ;
; Ignore CASCADE Buffers                                                     ; Off                              ; Off                ;
; Ignore GLOBAL Buffers                                                      ; Off                              ; Off                ;
; Ignore ROW GLOBAL Buffers                                                  ; Off                              ; Off                ;
; Ignore LCELL Buffers                                                       ; Off                              ; Off                ;
; Ignore SOFT Buffers                                                        ; On                               ; On                 ;
; Limit AHDL Integers to 32 Bits                                             ; Off                              ; Off                ;
; Optimization Technique                                                     ; Balanced                         ; Balanced           ;
; Carry Chain Length                                                         ; 70                               ; 70                 ;
; Auto Carry Chains                                                          ; On                               ; On                 ;
; Auto Open-Drain Pins                                                       ; On                               ; On                 ;
; Perform WYSIWYG Primitive Resynthesis                                      ; Off                              ; Off                ;
; Auto ROM Replacement                                                       ; On                               ; On                 ;
; Auto RAM Replacement                                                       ; On                               ; On                 ;
; Auto DSP Block Replacement                                                 ; On                               ; On                 ;
; Auto Shift Register Replacement                                            ; Auto                             ; Auto               ;
; Allow Shift Register Merging across Hierarchies                            ; Auto                             ; Auto               ;
; Auto Clock Enable Replacement                                              ; On                               ; On                 ;
; Strict RAM Replacement                                                     ; Off                              ; Off                ;
; Allow Synchronous Control Signals                                          ; On                               ; On                 ;
; Force Use of Synchronous Clear Signals                                     ; Off                              ; Off                ;
; Auto RAM Block Balancing                                                   ; On                               ; On                 ;
; Auto RAM to Logic Cell Conversion                                          ; Off                              ; Off                ;
; Auto Resource Sharing                                                      ; Off                              ; Off                ;
; Allow Any RAM Size For Recognition                                         ; Off                              ; Off                ;
; Allow Any ROM Size For Recognition                                         ; Off                              ; Off                ;
; Allow Any Shift Register Size For Recognition                              ; Off                              ; Off                ;
; Use LogicLock Constraints during Resource Balancing                        ; On                               ; On                 ;
; Ignore translate_off and synthesis_off directives                          ; Off                              ; Off                ;
; Timing-Driven Synthesis                                                    ; On                               ; On                 ;
; Report Parameter Settings                                                  ; On                               ; On                 ;
; Report Source Assignments                                                  ; On                               ; On                 ;
; Report Connectivity Checks                                                 ; On                               ; On                 ;
; Ignore Maximum Fan-Out Assignments                                         ; Off                              ; Off                ;
; Synchronization Register Chain Length                                      ; 2                                ; 2                  ;
; PowerPlay Power Optimization During Synthesis                              ; Normal compilation               ; Normal compilation ;
; HDL message level                                                          ; Level2                           ; Level2             ;
; Suppress Register Optimization Related Messages                            ; Off                              ; Off                ;
; Number of Removed Registers Reported in Synthesis Report                   ; 5000                             ; 5000               ;
; Number of Swept Nodes Reported in Synthesis Report                         ; 5000                             ; 5000               ;
; Number of Inverted Registers Reported in Synthesis Report                  ; 100                              ; 100                ;
; Clock MUX Protection                                                       ; On                               ; On                 ;
; Auto Gated Clock Conversion                                                ; Off                              ; Off                ;
; Block Design Naming                                                        ; Auto                             ; Auto               ;
; SDC constraint protection                                                  ; Off                              ; Off                ;
; Synthesis Effort                                                           ; Auto                             ; Auto               ;
; Shift Register Replacement - Allow Asynchronous Clear Signal               ; On                               ; On                 ;
; Pre-Mapping Resynthesis Optimization                                       ; Off                              ; Off                ;
; Analysis & Synthesis Message Level                                         ; Medium                           ; Medium             ;
; Disable Register Merging Across Hierarchies                                ; Auto                             ; Auto               ;
; Resource Aware Inference For Block RAM                                     ; On                               ; On                 ;
+----------------------------------------------------------------------------+----------------------------------+--------------------+


+------------------------------------------+
; Parallel Compilation                     ;
+----------------------------+-------------+
; Processors                 ; Number      ;
+----------------------------+-------------+
; Number detected on machine ; 8           ;
; Maximum allowed            ; 4           ;
;                            ;             ;
; Average used               ; 1.00        ;
; Maximum used               ; 4           ;
;                            ;             ;
; Usage by Processor         ; % Time Used ;
;     Processor 1            ; 100.0%      ;
;     Processor 2            ;   0.0%      ;
;     Processors 3-4         ;   0.0%      ;
+----------------------------+-------------+


+------------------------------------------------------------------------------------------------------------------------------------------------------------------------------------------------------------------------------------------------------------------+
; Analysis & Synthesis Source Files Read                                                                                                                                                                                                                           ;
+------------------------------------+-----------------+------------------------------+------------------------------------------------------------------------------------------------------------------------------------------------------------------+---------+
; File Name with User-Entered Path   ; Used in Netlist ; File Type                    ; File Name with Absolute Path                                                                                                                                     ; Library ;
+------------------------------------+-----------------+------------------------------+------------------------------------------------------------------------------------------------------------------------------------------------------------------+---------+
; separableconvolution5x5_gaussian.v ; yes             ; User Verilog HDL File        ; C:/Users/tansi/Documents/Imperial_College_London/Year2_Project/Group7_design_project/Vision_Subsystem/testing/gaussian_filter/separableconvolution5x5_gaussian.v ;         ;
; line_buffer5x5_8bit.v              ; yes             ; User Wizard-Generated File   ; C:/Users/tansi/Documents/Imperial_College_London/Year2_Project/Group7_design_project/Vision_Subsystem/testing/gaussian_filter/line_buffer5x5_8bit.v              ;         ;
; altshift_taps.tdf                  ; yes             ; Megafunction                 ; c:/intelfpga_lite/16.1/quartus/libraries/megafunctions/altshift_taps.tdf                                                                                         ;         ;
; altdpram.inc                       ; yes             ; Megafunction                 ; c:/intelfpga_lite/16.1/quartus/libraries/megafunctions/altdpram.inc                                                                                              ;         ;
; lpm_counter.inc                    ; yes             ; Megafunction                 ; c:/intelfpga_lite/16.1/quartus/libraries/megafunctions/lpm_counter.inc                                                                                           ;         ;
; lpm_compare.inc                    ; yes             ; Megafunction                 ; c:/intelfpga_lite/16.1/quartus/libraries/megafunctions/lpm_compare.inc                                                                                           ;         ;
; lpm_constant.inc                   ; yes             ; Megafunction                 ; c:/intelfpga_lite/16.1/quartus/libraries/megafunctions/lpm_constant.inc                                                                                          ;         ;
; db/shift_taps_mru.tdf              ; yes             ; Auto-Generated Megafunction  ; C:/Users/tansi/Documents/Imperial_College_London/Year2_Project/Group7_design_project/Vision_Subsystem/testing/gaussian_filter/db/shift_taps_mru.tdf              ;         ;
; db/altsyncram_p8c1.tdf             ; yes             ; Auto-Generated Megafunction  ; C:/Users/tansi/Documents/Imperial_College_London/Year2_Project/Group7_design_project/Vision_Subsystem/testing/gaussian_filter/db/altsyncram_p8c1.tdf             ;         ;
; db/cntr_14f.tdf                    ; yes             ; Auto-Generated Megafunction  ; C:/Users/tansi/Documents/Imperial_College_London/Year2_Project/Group7_design_project/Vision_Subsystem/testing/gaussian_filter/db/cntr_14f.tdf                    ;         ;
; db/cmpr_frb.tdf                    ; yes             ; Auto-Generated Megafunction  ; C:/Users/tansi/Documents/Imperial_College_London/Year2_Project/Group7_design_project/Vision_Subsystem/testing/gaussian_filter/db/cmpr_frb.tdf                    ;         ;
; db/cntr_njg.tdf                    ; yes             ; Auto-Generated Megafunction  ; C:/Users/tansi/Documents/Imperial_College_London/Year2_Project/Group7_design_project/Vision_Subsystem/testing/gaussian_filter/db/cntr_njg.tdf                    ;         ;
+------------------------------------+-----------------+------------------------------+------------------------------------------------------------------------------------------------------------------------------------------------------------------+---------+


+---------------------------------------------------------+
; Analysis & Synthesis Resource Usage Summary             ;
+---------------------------------------------+-----------+
; Resource                                    ; Usage     ;
+---------------------------------------------+-----------+
; Estimated Total logic elements              ; 225       ;
;                                             ;           ;
; Total combinational functions               ; 185       ;
; Logic element usage by number of LUT inputs ;           ;
;     -- 4 input functions                    ; 29        ;
;     -- 3 input functions                    ; 85        ;
;     -- <=2 input functions                  ; 71        ;
;                                             ;           ;
; Logic elements by mode                      ;           ;
;     -- normal mode                          ; 52        ;
;     -- arithmetic mode                      ; 133       ;
;                                             ;           ;
; Total registers                             ; 98        ;
;     -- Dedicated logic registers            ; 98        ;
;     -- I/O registers                        ; 0         ;
;                                             ;           ;
; I/O pins                                    ; 161       ;
; Total memory bits                           ; 224       ;
;                                             ;           ;
; Embedded Multiplier 9-bit elements          ; 0         ;
;                                             ;           ;
; Maximum fan-out node                        ; clk~input ;
; Maximum fan-out                             ; 130       ;
; Total fan-out                               ; 1348      ;
; Average fan-out                             ; 2.12      ;
+---------------------------------------------+-----------+


+---------------------------------------------------------------------------------------------------------------------------------------------------------------------------------------------------------------------------------------------------------------------------------------------------------------------------------------------------------------------------------------------------------------------+
; Analysis & Synthesis Resource Utilization by Entity                                                                                                                                                                                                                                                                                                                                                                 ;
+-----------------------------------------------+---------------------+---------------------------+-------------+------------+--------------+---------+-----------+------+--------------+------------+--------------------------------------------------------------------------------------------------------------------------------------------------------------+----------------------------------+--------------+
; Compilation Hierarchy Node                    ; Combinational ALUTs ; Dedicated Logic Registers ; Memory Bits ; UFM Blocks ; DSP Elements ; DSP 9x9 ; DSP 18x18 ; Pins ; Virtual Pins ; ADC blocks ; Full Hierarchy Name                                                                                                                                          ; Entity Name                      ; Library Name ;
+-----------------------------------------------+---------------------+---------------------------+-------------+------------+--------------+---------+-----------+------+--------------+------------+--------------------------------------------------------------------------------------------------------------------------------------------------------------+----------------------------------+--------------+
; |separableconvolution5x5_gaussian             ; 185 (177)           ; 98 (91)                   ; 224         ; 0          ; 0            ; 0       ; 0         ; 161  ; 0            ; 0          ; |separableconvolution5x5_gaussian                                                                                                                            ; separableconvolution5x5_gaussian ; work         ;
;    |line_buffer5x5_8bit:lbuff3|               ; 8 (0)               ; 7 (0)                     ; 224         ; 0          ; 0            ; 0       ; 0         ; 0    ; 0            ; 0          ; |separableconvolution5x5_gaussian|line_buffer5x5_8bit:lbuff3                                                                                                 ; line_buffer5x5_8bit              ; work         ;
;       |altshift_taps:ALTSHIFT_TAPS_component| ; 8 (0)               ; 7 (0)                     ; 224         ; 0          ; 0            ; 0       ; 0         ; 0    ; 0            ; 0          ; |separableconvolution5x5_gaussian|line_buffer5x5_8bit:lbuff3|altshift_taps:ALTSHIFT_TAPS_component                                                           ; altshift_taps                    ; work         ;
;          |shift_taps_mru:auto_generated|      ; 8 (0)               ; 7 (1)                     ; 224         ; 0          ; 0            ; 0       ; 0         ; 0    ; 0            ; 0          ; |separableconvolution5x5_gaussian|line_buffer5x5_8bit:lbuff3|altshift_taps:ALTSHIFT_TAPS_component|shift_taps_mru:auto_generated                             ; shift_taps_mru                   ; work         ;
;             |altsyncram_p8c1:altsyncram2|     ; 0 (0)               ; 0 (0)                     ; 224         ; 0          ; 0            ; 0       ; 0         ; 0    ; 0            ; 0          ; |separableconvolution5x5_gaussian|line_buffer5x5_8bit:lbuff3|altshift_taps:ALTSHIFT_TAPS_component|shift_taps_mru:auto_generated|altsyncram_p8c1:altsyncram2 ; altsyncram_p8c1                  ; work         ;
;             |cntr_14f:cntr1|                  ; 3 (3)               ; 3 (3)                     ; 0           ; 0          ; 0            ; 0       ; 0         ; 0    ; 0            ; 0          ; |separableconvolution5x5_gaussian|line_buffer5x5_8bit:lbuff3|altshift_taps:ALTSHIFT_TAPS_component|shift_taps_mru:auto_generated|cntr_14f:cntr1              ; cntr_14f                         ; work         ;
;             |cntr_njg:cntr3|                  ; 5 (5)               ; 3 (3)                     ; 0           ; 0          ; 0            ; 0       ; 0         ; 0    ; 0            ; 0          ; |separableconvolution5x5_gaussian|line_buffer5x5_8bit:lbuff3|altshift_taps:ALTSHIFT_TAPS_component|shift_taps_mru:auto_generated|cntr_njg:cntr3              ; cntr_njg                         ; work         ;
+-----------------------------------------------+---------------------+---------------------------+-------------+------------+--------------+---------+-----------+------+--------------+------------+--------------------------------------------------------------------------------------------------------------------------------------------------------------+----------------------------------+--------------+
Note: For table entries with two numbers listed, the numbers in parentheses indicate the number of resources of the given type used by the specific entity alone. The numbers listed outside of parentheses indicate the total resources of the given type used by the specific entity and all of its sub-entities in the hierarchy.


+-------------------------------------------------------------------------------------------------------------------------------------------------------------------------------------------------------------------------------------------+
; Analysis & Synthesis RAM Summary                                                                                                                                                                                                          ;
+---------------------------------------------------------------------------------------------------------------------------------------+------+------------------+--------------+--------------+--------------+--------------+------+------+
; Name                                                                                                                                  ; Type ; Mode             ; Port A Depth ; Port A Width ; Port B Depth ; Port B Width ; Size ; MIF  ;
+---------------------------------------------------------------------------------------------------------------------------------------+------+------------------+--------------+--------------+--------------+--------------+------+------+
; line_buffer5x5_8bit:lbuff3|altshift_taps:ALTSHIFT_TAPS_component|shift_taps_mru:auto_generated|altsyncram_p8c1:altsyncram2|ALTSYNCRAM ; M9K  ; Simple Dual Port ; 7            ; 32           ; 7            ; 32           ; 224  ; None ;
+---------------------------------------------------------------------------------------------------------------------------------------+------+------------------+--------------+--------------+--------------+--------------+------+------+


+--------------------------------------------------------------------------------------------------------------------------------------------------------------------+
; Analysis & Synthesis IP Cores Summary                                                                                                                              ;
+--------+----------------------------+---------+--------------+--------------+--------------------------------------------------------------+-----------------------+
; Vendor ; IP Core Name               ; Version ; Release Date ; License Type ; Entity Instance                                              ; IP Include File       ;
+--------+----------------------------+---------+--------------+--------------+--------------------------------------------------------------+-----------------------+
; Altera ; Shift register (RAM-based) ; 16.1    ; N/A          ; N/A          ; |separableconvolution5x5_gaussian|line_buffer5x5_8bit:lbuff3 ; line_buffer5x5_8bit.v ;
+--------+----------------------------+---------+--------------+--------------+--------------------------------------------------------------+-----------------------+


Encoding Type:  One-Hot
+---------------------------------------------------------+
; State Machine - |separableconvolution5x5_gaussian|state ;
+-----------------+---------------------------------------+
; Name            ; state.FILTER_ON                       ;
+-----------------+---------------------------------------+
; state.START_UP  ; 0                                     ;
; state.FILTER_ON ; 1                                     ;
+-----------------+---------------------------------------+


+---------------------------------------------------------------------------------+
; Registers Removed During Synthesis                                              ;
+----------------------------------------+----------------------------------------+
; Register name                          ; Reason for Removal                     ;
+----------------------------------------+----------------------------------------+
; first_conv_out[8..11]                  ; Stuck at GND due to stuck port data_in ;
; pixel1[8..11]                          ; Stuck at GND due to stuck port data_in ;
; pixel2[8..11]                          ; Stuck at GND due to stuck port data_in ;
; pixel3[8..11]                          ; Stuck at GND due to stuck port data_in ;
; pixel4[8..11]                          ; Stuck at GND due to stuck port data_in ;
; pixel5[8..11]                          ; Stuck at GND due to stuck port data_in ;
; state~5                                ; Lost fanout                            ;
; Total Number of Removed Registers = 25 ;                                        ;
+----------------------------------------+----------------------------------------+


+-------------------------------------------------------------------------------------------------------------+
; Removed Registers Triggering Further Register Optimizations                                                 ;
+--------------------+---------------------------+------------------------------------------------------------+
; Register name      ; Reason for Removal        ; Registers Removed due to This Register                     ;
+--------------------+---------------------------+------------------------------------------------------------+
; first_conv_out[8]  ; Stuck at GND              ; pixel1[8], pixel2[8], pixel3[8], pixel4[8], pixel5[8]      ;
;                    ; due to stuck port data_in ;                                                            ;
; first_conv_out[9]  ; Stuck at GND              ; pixel1[9], pixel2[9], pixel3[9], pixel4[9], pixel5[9]      ;
;                    ; due to stuck port data_in ;                                                            ;
; first_conv_out[10] ; Stuck at GND              ; pixel1[10], pixel2[10], pixel3[10], pixel4[10], pixel5[10] ;
;                    ; due to stuck port data_in ;                                                            ;
; first_conv_out[11] ; Stuck at GND              ; pixel1[11], pixel2[11], pixel3[11], pixel4[11], pixel5[11] ;
;                    ; due to stuck port data_in ;                                                            ;
+--------------------+---------------------------+------------------------------------------------------------+


+------------------------------------------------------+
; General Register Statistics                          ;
+----------------------------------------------+-------+
; Statistic                                    ; Value ;
+----------------------------------------------+-------+
; Total registers                              ; 98    ;
; Number of registers using Synchronous Clear  ; 41    ;
; Number of registers using Synchronous Load   ; 0     ;
; Number of registers using Asynchronous Clear ; 4     ;
; Number of registers using Asynchronous Load  ; 0     ;
; Number of registers using Clock Enable       ; 96    ;
; Number of registers using Preset             ; 0     ;
+----------------------------------------------+-------+


+----------------------------------------------------------------------------------------------------------------+
; Inverted Register Statistics                                                                                   ;
+------------------------------------------------------------------------------------------------------+---------+
; Inverted Register                                                                                    ; Fan out ;
+------------------------------------------------------------------------------------------------------+---------+
; data_ready                                                                                           ; 12      ;
; line_buffer5x5_8bit:lbuff3|altshift_taps:ALTSHIFT_TAPS_component|shift_taps_mru:auto_generated|dffe4 ; 32      ;
; Total number of inverted registers = 2                                                               ;         ;
+------------------------------------------------------------------------------------------------------+---------+


+------------------------------------------------------------------------------------------------------------------------------------------------------------------------+
; Multiplexer Restructuring Statistics (Restructuring Performed)                                                                                                         ;
+--------------------+-----------+---------------+----------------------+------------------------+------------+----------------------------------------------------------+
; Multiplexer Inputs ; Bus Width ; Baseline Area ; Area if Restructured ; Saving if Restructured ; Registered ; Example Multiplexer Output                               ;
+--------------------+-----------+---------------+----------------------+------------------------+------------+----------------------------------------------------------+
; 3:1                ; 19 bits   ; 38 LEs        ; 19 LEs               ; 19 LEs                 ; Yes        ; |separableconvolution5x5_gaussian|pixelCounter[16]       ;
; 3:1                ; 10 bits   ; 20 LEs        ; 10 LEs               ; 10 LEs                 ; Yes        ; |separableconvolution5x5_gaussian|pixelRowCounter[6]     ;
; 5:1                ; 12 bits   ; 36 LEs        ; 12 LEs               ; 24 LEs                 ; Yes        ; |separableconvolution5x5_gaussian|pixelStartUpCounter[5] ;
+--------------------+-----------+---------------+----------------------+------------------------+------------+----------------------------------------------------------+


+---------------------------------------------------------------------------------------------------------------------------------------------------+
; Source assignments for line_buffer5x5_8bit:lbuff3|altshift_taps:ALTSHIFT_TAPS_component|shift_taps_mru:auto_generated|altsyncram_p8c1:altsyncram2 ;
+---------------------------------+--------------------+------+-------------------------------------------------------------------------------------+
; Assignment                      ; Value              ; From ; To                                                                                  ;
+---------------------------------+--------------------+------+-------------------------------------------------------------------------------------+
; OPTIMIZE_POWER_DURING_SYNTHESIS ; NORMAL_COMPILATION ; -    ; -                                                                                   ;
+---------------------------------+--------------------+------+-------------------------------------------------------------------------------------+


+--------------------------------------------------------------------------------------------------+
; Parameter Settings for User Entity Instance: Top-level Entity: |separableconvolution5x5_gaussian ;
+----------------+-------+-------------------------------------------------------------------------+
; Parameter Name ; Value ; Type                                                                    ;
+----------------+-------+-------------------------------------------------------------------------+
; DATA_WIDTH     ; 8     ; Signed Integer                                                          ;
+----------------+-------+-------------------------------------------------------------------------+
Note: In order to hide this table in the UI and the text report file, please set the "Show Parameter Settings in Synthesis Report" option in "Analysis and Synthesis Settings -> More Settings" to "Off".


+---------------------------------------------------------------------------------------------------------------+
; Parameter Settings for User Entity Instance: line_buffer5x5_8bit:lbuff3|altshift_taps:ALTSHIFT_TAPS_component ;
+----------------+----------------+-----------------------------------------------------------------------------+
; Parameter Name ; Value          ; Type                                                                        ;
+----------------+----------------+-----------------------------------------------------------------------------+
; WIDTH_BYTEENA  ; 1              ; Untyped                                                                     ;
; NUMBER_OF_TAPS ; 4              ; Signed Integer                                                              ;
; TAP_DISTANCE   ; 9              ; Signed Integer                                                              ;
; WIDTH          ; 8              ; Signed Integer                                                              ;
; POWER_UP_STATE ; CLEARED        ; Untyped                                                                     ;
; CBXI_PARAMETER ; shift_taps_mru ; Untyped                                                                     ;
+----------------+----------------+-----------------------------------------------------------------------------+
Note: In order to hide this table in the UI and the text report file, please set the "Show Parameter Settings in Synthesis Report" option in "Analysis and Synthesis Settings -> More Settings" to "Off".


+-----------------------------------------------------------------------------------------------+
; altshift_taps Parameter Settings by Entity Instance                                           ;
+----------------------------+------------------------------------------------------------------+
; Name                       ; Value                                                            ;
+----------------------------+------------------------------------------------------------------+
; Number of entity instances ; 1                                                                ;
; Entity Instance            ; line_buffer5x5_8bit:lbuff3|altshift_taps:ALTSHIFT_TAPS_component ;
;     -- NUMBER_OF_TAPS      ; 4                                                                ;
;     -- TAP_DISTANCE        ; 9                                                                ;
;     -- WIDTH               ; 8                                                                ;
+----------------------------+------------------------------------------------------------------+


+-----------------------------------------------------+
; Post-Synthesis Netlist Statistics for Top Partition ;
+-----------------------+-----------------------------+
; Type                  ; Count                       ;
+-----------------------+-----------------------------+
; boundary_port         ; 161                         ;
; cycloneiii_ff         ; 98                          ;
;     ENA               ; 51                          ;
;     ENA CLR           ; 4                           ;
;     ENA SCLR          ; 41                          ;
;     plain             ; 2                           ;
; cycloneiii_lcell_comb ; 187                         ;
;     arith             ; 133                         ;
;         2 data inputs ; 55                          ;
;         3 data inputs ; 78                          ;
;     normal            ; 54                          ;
;         0 data inputs ; 8                           ;
;         1 data inputs ; 8                           ;
;         2 data inputs ; 2                           ;
;         3 data inputs ; 7                           ;
;         4 data inputs ; 29                          ;
; cycloneiii_ram_block  ; 32                          ;
;                       ;                             ;
; Max LUT depth         ; 5.90                        ;
; Average LUT depth     ; 4.02                        ;
+-----------------------+-----------------------------+


+-------------------------------+
; Elapsed Time Per Partition    ;
+----------------+--------------+
; Partition Name ; Elapsed Time ;
+----------------+--------------+
; Top            ; 00:00:00     ;
+----------------+--------------+


+-------------------------------+
; Analysis & Synthesis Messages ;
+-------------------------------+
Info: *******************************************************************
Info: Running Quartus Prime Analysis & Synthesis
    Info: Version 16.1.0 Build 196 10/24/2016 SJ Lite Edition
    Info: Processing started: Mon Jun 14 01:27:58 2021
Info: Command: quartus_map --read_settings_files=on --write_settings_files=off gaussian_filter_tb -c gaussian_filter_tb
Warning (18236): Number of processors has not been specified which may cause overloading on shared machines.  Set the global assignment NUM_PARALLEL_PROCESSORS in your QSF to an appropriate value for best performance.
Info (20030): Parallel compilation is enabled and will use 4 of the 4 processors detected
Info (12021): Found 1 design units, including 1 entities, in source file separableconvolution5x5_gaussian.v
    Info (12023): Found entity 1: separableconvolution5x5_gaussian File: C:/Users/tansi/Documents/Imperial_College_London/Year2_Project/Group7_design_project/Vision_Subsystem/testing/gaussian_filter/separableconvolution5x5_gaussian.v Line: 1
Info (12021): Found 1 design units, including 1 entities, in source file line_buffer5x5_8bit.v
    Info (12023): Found entity 1: line_buffer5x5_8bit File: C:/Users/tansi/Documents/Imperial_College_London/Year2_Project/Group7_design_project/Vision_Subsystem/testing/gaussian_filter/line_buffer5x5_8bit.v Line: 40
Info (12021): Found 1 design units, including 1 entities, in source file gaussian_filter_tb.v
    Info (12023): Found entity 1: gaussian_filter_tb File: C:/Users/tansi/Documents/Imperial_College_London/Year2_Project/Group7_design_project/Vision_Subsystem/testing/gaussian_filter/gaussian_filter_tb.v Line: 4
Info (12127): Elaborating entity "separableconvolution5x5_gaussian" for the top level hierarchy
Warning (10230): Verilog HDL assignment warning at separableconvolution5x5_gaussian.v(138): truncated value with size 32 to match size of target (12) File: C:/Users/tansi/Documents/Imperial_College_London/Year2_Project/Group7_design_project/Vision_Subsystem/testing/gaussian_filter/separableconvolution5x5_gaussian.v Line: 138
Warning (10230): Verilog HDL assignment warning at separableconvolution5x5_gaussian.v(139): truncated value with size 32 to match size of target (12) File: C:/Users/tansi/Documents/Imperial_College_London/Year2_Project/Group7_design_project/Vision_Subsystem/testing/gaussian_filter/separableconvolution5x5_gaussian.v Line: 139
Warning (10230): Verilog HDL assignment warning at separableconvolution5x5_gaussian.v(140): truncated value with size 12 to match size of target (8) File: C:/Users/tansi/Documents/Imperial_College_London/Year2_Project/Group7_design_project/Vision_Subsystem/testing/gaussian_filter/separableconvolution5x5_gaussian.v Line: 140
Info (12128): Elaborating entity "line_buffer5x5_8bit" for hierarchy "line_buffer5x5_8bit:lbuff3" File: C:/Users/tansi/Documents/Imperial_College_London/Year2_Project/Group7_design_project/Vision_Subsystem/testing/gaussian_filter/separableconvolution5x5_gaussian.v Line: 123
Info (12128): Elaborating entity "altshift_taps" for hierarchy "line_buffer5x5_8bit:lbuff3|altshift_taps:ALTSHIFT_TAPS_component" File: C:/Users/tansi/Documents/Imperial_College_London/Year2_Project/Group7_design_project/Vision_Subsystem/testing/gaussian_filter/line_buffer5x5_8bit.v Line: 94
Info (12130): Elaborated megafunction instantiation "line_buffer5x5_8bit:lbuff3|altshift_taps:ALTSHIFT_TAPS_component" File: C:/Users/tansi/Documents/Imperial_College_London/Year2_Project/Group7_design_project/Vision_Subsystem/testing/gaussian_filter/line_buffer5x5_8bit.v Line: 94
Info (12133): Instantiated megafunction "line_buffer5x5_8bit:lbuff3|altshift_taps:ALTSHIFT_TAPS_component" with the following parameter: File: C:/Users/tansi/Documents/Imperial_College_London/Year2_Project/Group7_design_project/Vision_Subsystem/testing/gaussian_filter/line_buffer5x5_8bit.v Line: 94
    Info (12134): Parameter "intended_device_family" = "MAX 10"
    Info (12134): Parameter "lpm_hint" = "RAM_BLOCK_TYPE=M9K"
    Info (12134): Parameter "lpm_type" = "altshift_taps"
    Info (12134): Parameter "number_of_taps" = "4"
    Info (12134): Parameter "tap_distance" = "9"
    Info (12134): Parameter "width" = "8"
Info (12021): Found 1 design units, including 1 entities, in source file db/shift_taps_mru.tdf
    Info (12023): Found entity 1: shift_taps_mru File: C:/Users/tansi/Documents/Imperial_College_London/Year2_Project/Group7_design_project/Vision_Subsystem/testing/gaussian_filter/db/shift_taps_mru.tdf Line: 29
Info (12128): Elaborating entity "shift_taps_mru" for hierarchy "line_buffer5x5_8bit:lbuff3|altshift_taps:ALTSHIFT_TAPS_component|shift_taps_mru:auto_generated" File: c:/intelfpga_lite/16.1/quartus/libraries/megafunctions/altshift_taps.tdf Line: 104
Info (12021): Found 1 design units, including 1 entities, in source file db/altsyncram_p8c1.tdf
    Info (12023): Found entity 1: altsyncram_p8c1 File: C:/Users/tansi/Documents/Imperial_College_London/Year2_Project/Group7_design_project/Vision_Subsystem/testing/gaussian_filter/db/altsyncram_p8c1.tdf Line: 28
Info (12128): Elaborating entity "altsyncram_p8c1" for hierarchy "line_buffer5x5_8bit:lbuff3|altshift_taps:ALTSHIFT_TAPS_component|shift_taps_mru:auto_generated|altsyncram_p8c1:altsyncram2" File: C:/Users/tansi/Documents/Imperial_College_London/Year2_Project/Group7_design_project/Vision_Subsystem/testing/gaussian_filter/db/shift_taps_mru.tdf Line: 39
Info (12021): Found 1 design units, including 1 entities, in source file db/cntr_14f.tdf
    Info (12023): Found entity 1: cntr_14f File: C:/Users/tansi/Documents/Imperial_College_London/Year2_Project/Group7_design_project/Vision_Subsystem/testing/gaussian_filter/db/cntr_14f.tdf Line: 25
Info (12128): Elaborating entity "cntr_14f" for hierarchy "line_buffer5x5_8bit:lbuff3|altshift_taps:ALTSHIFT_TAPS_component|shift_taps_mru:auto_generated|cntr_14f:cntr1" File: C:/Users/tansi/Documents/Imperial_College_London/Year2_Project/Group7_design_project/Vision_Subsystem/testing/gaussian_filter/db/shift_taps_mru.tdf Line: 41
Info (12021): Found 1 design units, including 1 entities, in source file db/cmpr_frb.tdf
    Info (12023): Found entity 1: cmpr_frb File: C:/Users/tansi/Documents/Imperial_College_London/Year2_Project/Group7_design_project/Vision_Subsystem/testing/gaussian_filter/db/cmpr_frb.tdf Line: 23
Info (12128): Elaborating entity "cmpr_frb" for hierarchy "line_buffer5x5_8bit:lbuff3|altshift_taps:ALTSHIFT_TAPS_component|shift_taps_mru:auto_generated|cntr_14f:cntr1|cmpr_frb:cmpr7" File: C:/Users/tansi/Documents/Imperial_College_London/Year2_Project/Group7_design_project/Vision_Subsystem/testing/gaussian_filter/db/cntr_14f.tdf Line: 38
Info (12021): Found 1 design units, including 1 entities, in source file db/cntr_njg.tdf
    Info (12023): Found entity 1: cntr_njg File: C:/Users/tansi/Documents/Imperial_College_London/Year2_Project/Group7_design_project/Vision_Subsystem/testing/gaussian_filter/db/cntr_njg.tdf Line: 26
Info (12128): Elaborating entity "cntr_njg" for hierarchy "line_buffer5x5_8bit:lbuff3|altshift_taps:ALTSHIFT_TAPS_component|shift_taps_mru:auto_generated|cntr_njg:cntr3" File: C:/Users/tansi/Documents/Imperial_College_London/Year2_Project/Group7_design_project/Vision_Subsystem/testing/gaussian_filter/db/shift_taps_mru.tdf Line: 42
Info (13000): Registers with preset signals will power-up high File: C:/Users/tansi/Documents/Imperial_College_London/Year2_Project/Group7_design_project/Vision_Subsystem/testing/gaussian_filter/db/shift_taps_mru.tdf Line: 40
Info (13003): DEV_CLRn pin will set, and not reset, register with preset signal due to NOT Gate Push-Back
Warning (13024): Output pins are stuck at VCC or GND
    Warning (13410): Pin "pixel1_check[8]" is stuck at GND File: C:/Users/tansi/Documents/Imperial_College_London/Year2_Project/Group7_design_project/Vision_Subsystem/testing/gaussian_filter/separableconvolution5x5_gaussian.v Line: 11
    Warning (13410): Pin "pixel1_check[9]" is stuck at GND File: C:/Users/tansi/Documents/Imperial_College_London/Year2_Project/Group7_design_project/Vision_Subsystem/testing/gaussian_filter/separableconvolution5x5_gaussian.v Line: 11
    Warning (13410): Pin "pixel1_check[10]" is stuck at GND File: C:/Users/tansi/Documents/Imperial_College_London/Year2_Project/Group7_design_project/Vision_Subsystem/testing/gaussian_filter/separableconvolution5x5_gaussian.v Line: 11
    Warning (13410): Pin "pixel1_check[11]" is stuck at GND File: C:/Users/tansi/Documents/Imperial_College_London/Year2_Project/Group7_design_project/Vision_Subsystem/testing/gaussian_filter/separableconvolution5x5_gaussian.v Line: 11
    Warning (13410): Pin "pixel2_check[8]" is stuck at GND File: C:/Users/tansi/Documents/Imperial_College_London/Year2_Project/Group7_design_project/Vision_Subsystem/testing/gaussian_filter/separableconvolution5x5_gaussian.v Line: 12
    Warning (13410): Pin "pixel2_check[9]" is stuck at GND File: C:/Users/tansi/Documents/Imperial_College_London/Year2_Project/Group7_design_project/Vision_Subsystem/testing/gaussian_filter/separableconvolution5x5_gaussian.v Line: 12
    Warning (13410): Pin "pixel2_check[10]" is stuck at GND File: C:/Users/tansi/Documents/Imperial_College_London/Year2_Project/Group7_design_project/Vision_Subsystem/testing/gaussian_filter/separableconvolution5x5_gaussian.v Line: 12
    Warning (13410): Pin "pixel2_check[11]" is stuck at GND File: C:/Users/tansi/Documents/Imperial_College_London/Year2_Project/Group7_design_project/Vision_Subsystem/testing/gaussian_filter/separableconvolution5x5_gaussian.v Line: 12
    Warning (13410): Pin "pixel3_check[8]" is stuck at GND File: C:/Users/tansi/Documents/Imperial_College_London/Year2_Project/Group7_design_project/Vision_Subsystem/testing/gaussian_filter/separableconvolution5x5_gaussian.v Line: 13
    Warning (13410): Pin "pixel3_check[9]" is stuck at GND File: C:/Users/tansi/Documents/Imperial_College_London/Year2_Project/Group7_design_project/Vision_Subsystem/testing/gaussian_filter/separableconvolution5x5_gaussian.v Line: 13
    Warning (13410): Pin "pixel3_check[10]" is stuck at GND File: C:/Users/tansi/Documents/Imperial_College_London/Year2_Project/Group7_design_project/Vision_Subsystem/testing/gaussian_filter/separableconvolution5x5_gaussian.v Line: 13
    Warning (13410): Pin "pixel3_check[11]" is stuck at GND File: C:/Users/tansi/Documents/Imperial_College_London/Year2_Project/Group7_design_project/Vision_Subsystem/testing/gaussian_filter/separableconvolution5x5_gaussian.v Line: 13
    Warning (13410): Pin "first_conv_check[8]" is stuck at GND File: C:/Users/tansi/Documents/Imperial_College_London/Year2_Project/Group7_design_project/Vision_Subsystem/testing/gaussian_filter/separableconvolution5x5_gaussian.v Line: 18
    Warning (13410): Pin "first_conv_check[9]" is stuck at GND File: C:/Users/tansi/Documents/Imperial_College_London/Year2_Project/Group7_design_project/Vision_Subsystem/testing/gaussian_filter/separableconvolution5x5_gaussian.v Line: 18
    Warning (13410): Pin "first_conv_check[10]" is stuck at GND File: C:/Users/tansi/Documents/Imperial_College_London/Year2_Project/Group7_design_project/Vision_Subsystem/testing/gaussian_filter/separableconvolution5x5_gaussian.v Line: 18
    Warning (13410): Pin "first_conv_check[11]" is stuck at GND File: C:/Users/tansi/Documents/Imperial_College_London/Year2_Project/Group7_design_project/Vision_Subsystem/testing/gaussian_filter/separableconvolution5x5_gaussian.v Line: 18
Info (286030): Timing-Driven Synthesis is running
Info (17049): 1 registers lost all their fanouts during netlist optimizations.
Info (16010): Generating hard_block partition "hard_block:auto_generated_inst"
    Info (16011): Adding 0 node(s), including 0 DDIO, 0 PLL, 0 transceiver and 0 LCELL
Info (21057): Implemented 419 device resources after synthesis - the final resource count might be different
    Info (21058): Implemented 11 input pins
    Info (21059): Implemented 150 output pins
    Info (21061): Implemented 226 logic cells
    Info (21064): Implemented 32 RAM segments
Info: Quartus Prime Analysis & Synthesis was successful. 0 errors, 21 warnings
    Info: Peak virtual memory: 4768 megabytes
    Info: Processing ended: Mon Jun 14 01:28:13 2021
    Info: Elapsed time: 00:00:15
    Info: Total CPU time (on all processors): 00:00:36


